// Jest Snapshot v1, https://goo.gl/fbAQLP

exports[`Modal renderiza o título, a descrição, o alerta e os botões corretamente 1`] = `
<div
  aria-hidden="true"
/>
`;
